<html>
<body>
<pre>
<h1>µVision Build Log</h1>
<h2>Tool Versions:</h2>
IDE-Version: µVision V5.31.0.0
Copyright (C) 2020 ARM Ltd and ARM Germany GmbH. All rights reserved.
License Information: Linh Truong, BK, LIC=FYKYW-QT3W1-12BLE-5V7BF-RA7NR-1LDX2
 
Tool Versions:
Toolchain:       MDK-ARM Plus  Version: 5.31.0.0
Toolchain Path:  C:\Keil_v5\ARM\ARMCC\Bin
C Compiler:      Armcc.exe V5.06 update 6 (build 750)
Assembler:       Armasm.exe V5.06 update 6 (build 750)
Linker/Locator:  ArmLink.exe V5.06 update 6 (build 750)
Library Manager: ArmAr.exe V5.06 update 6 (build 750)
Hex Converter:   FromElf.exe V5.06 update 6 (build 750)
CPU DLL:         SARMCM3.DLL V5.31.0.0
Dialog DLL:      DCM.DLL V1.17.3.0
Target DLL:      STLink\ST-LINKIII-KEIL_SWO.dll V3.0.7.0
Dialog DLL:      TCM.DLL V1.46.0.0
 
<h2>Project:</h2>
C:\Users\tqlin\OneDrive\Documents\Embedded Interview\Embedded\SPI\SPI_Software_Master\MDK-ARM\SPI_Software_Master.uvprojx
Project File Date:  06/21/2023

<h2>Output:</h2>
*** Using Compiler 'V5.06 update 6 (build 750)', folder: 'C:\Keil_v5\ARM\ARMCC\Bin'
Rebuild target 'SPI_Software_Master'
assembling startup_stm32f103xb.s...
compiling stm32f1xx_hal_gpio_ex.c...
compiling stm32f1xx_hal_tim.c...
compiling stm32f1xx_it.c...
compiling stm32f1xx_hal_msp.c...
compiling main.c...
../Core/Src/main.c(30): warning:  #188-D: enumerated type mixed with another type
  	HAL_GPIO_WritePin(GPIOB, MOSI, 0);
../Core/Src/main.c(31): warning:  #188-D: enumerated type mixed with another type
  	HAL_GPIO_WritePin(GPIOB, SCLK, 0);
../Core/Src/main.c(32): warning:  #188-D: enumerated type mixed with another type
  	HAL_GPIO_WritePin(GPIOB, CS, 1);
../Core/Src/main.c(36): warning:  #188-D: enumerated type mixed with another type
  	HAL_GPIO_WritePin(GPIOB, SCLK, 1);
../Core/Src/main.c(38): warning:  #188-D: enumerated type mixed with another type
  	HAL_GPIO_WritePin(GPIOB, SCLK, 0);
../Core/Src/main.c(43): warning:  #188-D: enumerated type mixed with another type
  	HAL_GPIO_WritePin(GPIOB, CS, 0);
../Core/Src/main.c(47): warning:  #188-D: enumerated type mixed with another type
  			HAL_GPIO_WritePin(GPIOB, MOSI, 0);
../Core/Src/main.c(50): warning:  #188-D: enumerated type mixed with another type
  			HAL_GPIO_WritePin(GPIOB, MOSI, 1);
../Core/Src/main.c(55): warning:  #188-D: enumerated type mixed with another type
  	HAL_GPIO_WritePin(GPIOB, CS, 1);
../Core/Src/main.c(61): warning:  #188-D: enumerated type mixed with another type
  	HAL_GPIO_WritePin(GPIOB, CS, 0);
../Core/Src/main.c(67): warning:  #188-D: enumerated type mixed with another type
  	HAL_GPIO_WritePin(GPIOB, CS, 1);
../Core/Src/main.c(74): warning:  #188-D: enumerated type mixed with another type
  	HAL_GPIO_WritePin(GPIOB, CS, 0);
../Core/Src/main.c(77): warning:  #188-D: enumerated type mixed with another type
  			HAL_GPIO_WritePin(GPIOB, MOSI, 0);
../Core/Src/main.c(80): warning:  #188-D: enumerated type mixed with another type
  			HAL_GPIO_WritePin(GPIOB, MOSI, 1);
../Core/Src/main.c(88): warning:  #188-D: enumerated type mixed with another type
  	HAL_GPIO_WritePin(GPIOB, CS, 1);
../Core/Src/main.c: 15 warnings, 0 errors
compiling stm32f1xx_hal_tim_ex.c...
compiling stm32f1xx_hal.c...
compiling stm32f1xx_hal_rcc_ex.c...
compiling stm32f1xx_hal_gpio.c...
compiling stm32f1xx_hal_rcc.c...
compiling stm32f1xx_hal_cortex.c...
compiling stm32f1xx_hal_flash.c...
compiling stm32f1xx_hal_dma.c...
compiling stm32f1xx_hal_flash_ex.c...
compiling stm32f1xx_hal_pwr.c...
compiling system_stm32f1xx.c...
compiling stm32f1xx_hal_exti.c...
linking...
Program Size: Code=3024 RO-data=304 RW-data=16 ZI-data=1632  
FromELF: creating hex file...
"SPI_Software_Master\SPI_Software_Master.axf" - 0 Error(s), 15 Warning(s).

<h2>Software Packages used:</h2>

Package Vendor: ARM
                http://www.keil.com/pack/ARM.CMSIS.5.7.0.pack
                ARM.CMSIS.5.7.0
                CMSIS (Cortex Microcontroller Software Interface Standard)
   * Component: CORE Version: 5.4.0

Package Vendor: Keil
                http://www.keil.com/pack/Keil.STM32F1xx_DFP.2.4.0.pack
                Keil.STM32F1xx_DFP.2.4.0
                STMicroelectronics STM32F1 Series Device Support, Drivers and Examples

<h2>Collection of Component include folders:</h2>
  .\RTE\_SPI_Software_Master
  C:\Users\tqlin\AppData\Local\Arm\Packs\ARM\CMSIS\5.7.0\CMSIS\Core\Include
  C:\Users\tqlin\AppData\Local\Arm\Packs\Keil\STM32F1xx_DFP\2.4.0\Device\Include

<h2>Collection of Component Files used:</h2>

   * Component: ARM::CMSIS:CORE:5.4.0
Build Time Elapsed:  00:00:06
</pre>
</body>
</html>
